Resolving dependencies...
Build profile: -w ghc-9.10.2 -O1
In order, the following will be built (use -v for more details):
 - hindsight-filesystem-store-0.1.0.0 (test:hindsight-filesystem-store-test) (file test/Test/Hindsight/Store/Filesystem.hs changed)
Preprocessing test suite 'hindsight-filesystem-store-test' for hindsight-filesystem-store-0.1.0.0...
Building test suite 'hindsight-filesystem-store-test' for hindsight-filesystem-store-0.1.0.0...
[1 of 2] Compiling Test.Hindsight.Store.Filesystem ( test/Test/Hindsight/Store/Filesystem.hs, /Users/huginn/code/hindsight2/hindsight/dist-newstyle/build/aarch64-osx/ghc-9.10.2/hindsight-filesystem-store-0.1.0.0/t/hindsight-filesystem-store-test/build/hindsight-filesystem-store-test/hindsight-filesystem-store-test-tmp/Test/Hindsight/Store/Filesystem.o ) [Source file changed]
